// Jest Snapshot v1, https://goo.gl/fbAQLP

exports[`NiceDice renders dice 1 1`] = `
<div>
  <div
    class="dice"
  >
    <div
      class="diceColumn"
    />
    <div
      class="dot"
    />
    <div
      class="diceColumn symetrie"
    />
  </div>
</div>
`;

exports[`NiceDice renders dice 2 1`] = `
<div>
  <div
    class="dice"
  >
    <div
      class="diceColumn"
    >
      <div
        class="dot"
      />
    </div>
    <div
      class="diceColumn symetrie"
    >
      <div
        class="dot"
      />
    </div>
  </div>
</div>
`;

exports[`NiceDice renders dice 3 1`] = `
<div>
  <div
    class="dice"
  >
    <div
      class="diceColumn"
    >
      <div
        class="dot"
      />
    </div>
    <div
      class="dot"
    />
    <div
      class="diceColumn symetrie"
    >
      <div
        class="dot"
      />
    </div>
  </div>
</div>
`;

exports[`NiceDice renders dice 4 1`] = `
<div>
  <div
    class="dice"
  >
    <div
      class="diceColumn"
    >
      <div
        class="dot"
      />
      <div
        class="dot"
      />
    </div>
    <div
      class="diceColumn symetrie"
    >
      <div
        class="dot"
      />
      <div
        class="dot"
      />
    </div>
  </div>
</div>
`;

exports[`NiceDice renders dice 5 1`] = `
<div>
  <div
    class="dice"
  >
    <div
      class="diceColumn"
    >
      <div
        class="dot"
      />
      <div
        class="dot"
      />
    </div>
    <div
      class="dot"
    />
    <div
      class="diceColumn symetrie"
    >
      <div
        class="dot"
      />
      <div
        class="dot"
      />
    </div>
  </div>
</div>
`;

exports[`NiceDice renders dice 6 1`] = `
<div>
  <div
    class="dice"
  >
    <div
      class="diceColumn"
    >
      <div
        class="dot"
      />
      <div
        class="dot"
      />
      <div
        class="dot"
      />
    </div>
    <div
      class="diceColumn symetrie"
    >
      <div
        class="dot"
      />
      <div
        class="dot"
      />
      <div
        class="dot"
      />
    </div>
  </div>
</div>
`;
