// Jest Snapshot v1, https://goo.gl/fbAQLP

exports[`Tabs displays simple Tabs 1`] = `
<div>
  <div
    role="tabs"
  >
    <div
      class="tabs"
      role="tablist"
    >
      <div
        class="tab selectedTab"
        role="tab"
      >
        title1
        <div
          class="detail"
          role="note"
        >
          ​
        </div>
      </div>
      <div
        class="tab"
        role="tab"
      >
        title2
        <div
          class="detail"
          role="note"
        >
          ​
        </div>
      </div>
    </div>
    <div
      data-testid="body1"
    >
      body1
    </div>
  </div>
</div>
`;
